------------------------------------------------------------
Timing Analyzer Summary
------------------------------------------------------------

Type  : Slow 1100mV 85C Model Setup 'KEY[0]'
Slack : -0.103
TNS   : -0.263

Type  : Slow 1100mV 85C Model Hold 'KEY[0]'
Slack : 0.235
TNS   : 0.000

Type  : Slow 1100mV 85C Model Minimum Pulse Width 'KEY[0]'
Slack : -0.394
TNS   : -4.942

Type  : Slow 1100mV 0C Model Setup 'KEY[0]'
Slack : -0.114
TNS   : -0.251

Type  : Slow 1100mV 0C Model Hold 'KEY[0]'
Slack : 0.219
TNS   : 0.000

Type  : Slow 1100mV 0C Model Minimum Pulse Width 'KEY[0]'
Slack : -0.394
TNS   : -4.552

Type  : Fast 1100mV 85C Model Setup 'KEY[0]'
Slack : 0.310
TNS   : 0.000

Type  : Fast 1100mV 85C Model Hold 'KEY[0]'
Slack : 0.142
TNS   : 0.000

Type  : Fast 1100mV 85C Model Minimum Pulse Width 'KEY[0]'
Slack : -0.342
TNS   : -2.585

Type  : Fast 1100mV 0C Model Setup 'KEY[0]'
Slack : 0.358
TNS   : 0.000

Type  : Fast 1100mV 0C Model Hold 'KEY[0]'
Slack : 0.128
TNS   : 0.000

Type  : Fast 1100mV 0C Model Minimum Pulse Width 'KEY[0]'
Slack : -0.321
TNS   : -2.419

------------------------------------------------------------
